// Jest Snapshot v1, https://goo.gl/fbAQLP

exports[`QueenData component renders Queen data by id 1`] = `
<DocumentFragment>
  <div
    data-testid="details"
  >
    <p>
      Bianca Del Rio
    </p>
    <img
      alt="Bianca Del Rio"
      src="BDR.com"
      style="height: 200px;"
    />
    <p />
    <p>
      Not today Satan.
    </p>
  </div>
</DocumentFragment>
`;
